// Jest Snapshot v1, https://goo.gl/fbAQLP

exports[`isPathSatisfied With a array predicate and falsy path (deepth == 1) returns correct result 1`] = `false`;

exports[`isPathSatisfied With a array predicate and falsy path (deepth > 1) returns correct result 1`] = `false`;

exports[`isPathSatisfied With a array predicate and truthy path (deepth == 1) returns correct result 1`] = `true`;

exports[`isPathSatisfied With a array predicate and truthy path (deepth > 1) returns correct result 1`] = `true`;

exports[`isPathSatisfied With a string predicate and falsy path (deepth == 1) returns correct result 1`] = `false`;

exports[`isPathSatisfied With a string predicate and falsy path (deepth > 1) returns correct result 1`] = `false`;

exports[`isPathSatisfied With a string predicate and falsy path (deepth > 1) returns correct result 2`] = `false`;

exports[`isPathSatisfied With a string predicate and truthy path (deepth == 1) returns correct result 1`] = `true`;

exports[`isPathSatisfied With a string predicate and truthy path (deepth > 1) returns correct result 1`] = `true`;

exports[`isPathSatisfied With empty array predicate and an object returns correct result 1`] = `false`;

exports[`isPathSatisfied With empty props returns correct result 1`] = `false`;

exports[`isPathSatisfied With empty string predicate and an object returns correct result 1`] = `false`;
